- marketbase: "485.9"
  marketcount: "10"
  limitprice: "48.6"
  limitvolume: "10"
  floats:
  - 0.6559562651954052
  - 0.05434383959970039
  - 0.36758720663245853
  - 0.2894804331565928
  - 0.19243860967493215
- marketbase: "475.6"
  marketcount: "10"
  limitprice: "47.6"
  limitvolume: "10"
  floats:
  - 0.16735444255905835
  - 0.2885856518054551
  - 0.9026048462705047
  - 0.8497802817628735
  - 0.2730468047134829
- marketbase: "405.1"
  marketcount: "10"
  limitprice: "40.5"
  limitvolume: "10"
  floats:
  - 0.7746542391859803
  - 0.017480762156647272
  - 0.7870739563039942
  - 0.7993936979594545
  - 0.35640854171523006
- marketbase: "551.5"
  marketcount: "10"
  limitprice: "55.1"
  limitvolume: "10"
  floats:
  - 0.24043190328608438
  - 0.2092018731282357
  - 0.6930700440076261
  - 0.4018978925803393
  - 0.284824110942037
- marketbase: "466.4"
  marketcount: "10"
  limitprice: "46.6"
  limitvolume: "10"
  floats:
  - 0.10401483526208317
  - 0.3159685008011507
  - 0.15129360636587477
  - 0.7313418966280487
  - 0.31416727182723125
- marketbase: "541.9"
  marketcount: "10"
  limitprice: "54.2"
  limitvolume: "10"
  floats:
  - 0.3596433023170719
  - 0.5423133959229935
  - 0.01816754894934127
  - 0.5181066168545034
  - 0.11487586616538886
- marketbase: "470.5"
  marketcount: "10"
  limitprice: "47.1"
  limitvolume: "10"
  floats:
  - 0.8506392683657548
  - 0.08366167880674985
  - 0.9231819157617754
  - 0.9414617908105306
  - 0.47117817334262163
- marketbase: "470.4"
  marketcount: "10"
  limitprice: "47"
  limitvolume: "10"
  floats:
  - 0.819853268920809
  - 0.42926598084527295
  - 0.9651612268081775
  - 0.032860981186830944
  - 0.795666547647674
- marketbase: "444.1"
  marketcount: "10"
  limitprice: "44.4"
  limitvolume: "10"
  floats:
  - 0.044094844063905625
  - 0.5156580846493045
  - 0.6329015970323215
  - 0.5135017018080568
  - 0.24549588425513894
- marketbase: "529.1"
  marketcount: "10"
  limitprice: "52.9"
  limitvolume: "10"
  floats:
  - 0.8369734156372776
  - 0.44592382363657496
  - 0.2895936745724661
  - 0.38044255651038994
  - 0.9286966553187177
